###############################################################################
#
# IAR ELF Linker V8.30.1.114/W32 for ARM                  26/Jul/2018  19:08:07
# Copyright 2007-2018 IAR Systems AB.
#
#    Output file  =  
#        D:\Data\MyProject\Voice\Voice_Recognition_stm32\Debug\Exe\c.out
#    Map file     =  
#        D:\Data\MyProject\Voice\Voice_Recognition_stm32\Debug\List\c.map
#    Command line =  
#        -f C:\Users\black\AppData\Local\Temp\EW58DB.tmp
#        (D:\Data\MyProject\Voice\Voice_Recognition_stm32\Debug\Obj\main.o
#        D:\Data\MyProject\Voice\Voice_Recognition_stm32\Debug\Obj\misc.o
#        D:\Data\MyProject\Voice\Voice_Recognition_stm32\Debug\Obj\startup_stm32f10x_md.o
#        D:\Data\MyProject\Voice\Voice_Recognition_stm32\Debug\Obj\stm32f10x_adc.o
#        D:\Data\MyProject\Voice\Voice_Recognition_stm32\Debug\Obj\stm32f10x_gpio.o
#        D:\Data\MyProject\Voice\Voice_Recognition_stm32\Debug\Obj\stm32f10x_rcc.o
#        D:\Data\MyProject\Voice\Voice_Recognition_stm32\Debug\Obj\stm32f10x_tim.o
#        D:\Data\MyProject\Voice\Voice_Recognition_stm32\Debug\Obj\stm32f10x_usart.o
#        D:\Data\MyProject\Voice\Voice_Recognition_stm32\Debug\Obj\system_stm32f10x.o
#        --no_out_extension -o
#        D:\Data\MyProject\Voice\Voice_Recognition_stm32\Debug\Exe\c.out
#        --redirect _Printf=_PrintfFullNoMb --redirect _Scanf=_ScanfFullNoMb
#        --map D:\Data\MyProject\Voice\Voice_Recognition_stm32\Debug\List\c.map
#        --config D:\Programs\IAR\arm\config\linker\ST\stm32f103x8.icf
#        --semihosting --entry __iar_program_start --redirect
#        __iar_sh_stdout=__iar_sh_stdout_swo --vfe --text_out locale)
#
###############################################################################

*******************************************************************************
*** RUNTIME MODEL ATTRIBUTES
***

CppFlavor       = *
__SystemLibrary = DLib
__dlib_version  = 6


*******************************************************************************
*** HEAP SELECTION
***

The basic heap was selected because no calls to memory allocation
functions were found in the application outside of system library
functions, and there are calls to deallocation functions in the
application.


*******************************************************************************
*** PLACEMENT SUMMARY
***

"A0":  place at 0x800'0000 { ro section .intvec };
"P1":  place in [from 0x800'0000 to 0x800'ffff] { ro };
define block CSTACK with size = 2K, alignment = 8 { };
define block HEAP with size = 2K, alignment = 8 { };
"P2":  place in [from 0x2000'0000 to 0x2000'4fff] {
          rw, block CSTACK, block HEAP };
initialize by copy { rw };

  Section            Kind         Address   Size  Object
  -------            ----         -------   ----  ------
"A0":                                       0xec
  .intvec            ro code   0x800'0000   0xec  startup_stm32f10x_md.o [1]
                             - 0x800'00ec   0xec

"P1":                                      0xa80
  .text              ro code   0x800'00ec  0x338  main.o [1]
  .text              ro code   0x800'0424  0x118  system_stm32f10x.o [1]
  .text              ro code   0x800'053c   0x54  stm32f10x_rcc.o [1]
  .text              ro code   0x800'0590  0x10c  stm32f10x_tim.o [1]
  .text              ro code   0x800'069c  0x23a  stm32f10x_adc.o [1]
  .text              ro code   0x800'08d8   0xea  stm32f10x_gpio.o [1]
  .text              ro code   0x800'09c2   0x2c  copy_init3.o [3]
  .text              ro code   0x800'09f0   0x28  data_init.o [3]
  .iar.init_table    const     0x800'0a18   0x14  - Linker created -
  .text              ro code   0x800'0a2c   0x1e  cmain.o [3]
  .text              ro code   0x800'0a4a    0x4  low_level_init.o [2]
  .text              ro code   0x800'0a4e    0x4  exit.o [2]
  .text              ro code   0x800'0a54    0xa  cexit.o [3]
  .text              ro code   0x800'0a60   0x14  exit.o [4]
  .text              ro code   0x800'0a74   0x10  startup_stm32f10x_md.o [1]
  .text              ro code   0x800'0a84    0xc  cstartup_M.o [3]
  Initializer bytes  const     0x800'0a90    0xc  <for P2-1>
  .text              ro code   0x800'0a9c    0x4  startup_stm32f10x_md.o [1]
  .text              ro code   0x800'0aa0    0x4  startup_stm32f10x_md.o [1]
  .text              ro code   0x800'0aa4    0x4  startup_stm32f10x_md.o [1]
  .text              ro code   0x800'0aa8    0x4  startup_stm32f10x_md.o [1]
  .text              ro code   0x800'0aac    0x4  startup_stm32f10x_md.o [1]
  .text              ro code   0x800'0ab0    0x4  startup_stm32f10x_md.o [1]
  .text              ro code   0x800'0ab4    0x4  startup_stm32f10x_md.o [1]
  .text              ro code   0x800'0ab8    0x4  startup_stm32f10x_md.o [1]
  .text              ro code   0x800'0abc    0x4  startup_stm32f10x_md.o [1]
  .text              ro code   0x800'0ac0    0x4  startup_stm32f10x_md.o [1]
  .text              ro code   0x800'0ac4    0x4  startup_stm32f10x_md.o [1]
  .text              ro code   0x800'0ac8    0x4  startup_stm32f10x_md.o [1]
  .text              ro code   0x800'0acc    0x4  startup_stm32f10x_md.o [1]
  .text              ro code   0x800'0ad0    0x4  startup_stm32f10x_md.o [1]
  .text              ro code   0x800'0ad4    0x4  startup_stm32f10x_md.o [1]
  .text              ro code   0x800'0ad8    0x4  startup_stm32f10x_md.o [1]
  .text              ro code   0x800'0adc    0x4  startup_stm32f10x_md.o [1]
  .text              ro code   0x800'0ae0    0x4  startup_stm32f10x_md.o [1]
  .text              ro code   0x800'0ae4    0x4  startup_stm32f10x_md.o [1]
  .text              ro code   0x800'0ae8    0x4  startup_stm32f10x_md.o [1]
  .text              ro code   0x800'0aec    0x4  startup_stm32f10x_md.o [1]
  .text              ro code   0x800'0af0    0x4  startup_stm32f10x_md.o [1]
  .text              ro code   0x800'0af4    0x4  startup_stm32f10x_md.o [1]
  .text              ro code   0x800'0af8    0x4  startup_stm32f10x_md.o [1]
  .text              ro code   0x800'0afc    0x4  startup_stm32f10x_md.o [1]
  .text              ro code   0x800'0b00    0x4  startup_stm32f10x_md.o [1]
  .text              ro code   0x800'0b04    0x4  startup_stm32f10x_md.o [1]
  .text              ro code   0x800'0b08    0x4  startup_stm32f10x_md.o [1]
  .text              ro code   0x800'0b0c    0x4  startup_stm32f10x_md.o [1]
  .text              ro code   0x800'0b10    0x4  startup_stm32f10x_md.o [1]
  .text              ro code   0x800'0b14    0x4  startup_stm32f10x_md.o [1]
  .text              ro code   0x800'0b18    0x4  startup_stm32f10x_md.o [1]
  .text              ro code   0x800'0b1c    0x4  startup_stm32f10x_md.o [1]
  .text              ro code   0x800'0b20    0x4  startup_stm32f10x_md.o [1]
  .text              ro code   0x800'0b24    0x4  startup_stm32f10x_md.o [1]
  .text              ro code   0x800'0b28    0x4  startup_stm32f10x_md.o [1]
  .text              ro code   0x800'0b2c    0x4  startup_stm32f10x_md.o [1]
  .text              ro code   0x800'0b30    0x4  startup_stm32f10x_md.o [1]
  .text              ro code   0x800'0b34    0x4  startup_stm32f10x_md.o [1]
  .text              ro code   0x800'0b38    0x4  startup_stm32f10x_md.o [1]
  .text              ro code   0x800'0b3c    0x4  startup_stm32f10x_md.o [1]
  .text              ro code   0x800'0b40    0x4  startup_stm32f10x_md.o [1]
  .text              ro code   0x800'0b44    0x4  startup_stm32f10x_md.o [1]
  .text              ro code   0x800'0b48    0x4  startup_stm32f10x_md.o [1]
  .text              ro code   0x800'0b4c    0x4  startup_stm32f10x_md.o [1]
  .text              ro code   0x800'0b50    0x4  startup_stm32f10x_md.o [1]
  .text              ro code   0x800'0b54    0x4  startup_stm32f10x_md.o [1]
  .text              ro code   0x800'0b58    0x4  startup_stm32f10x_md.o [1]
  .text              ro code   0x800'0b5c    0x4  startup_stm32f10x_md.o [1]
  .text              ro code   0x800'0b60    0x4  startup_stm32f10x_md.o [1]
  .text              ro code   0x800'0b64    0x4  startup_stm32f10x_md.o [1]
  .text              ro code   0x800'0b68    0x4  startup_stm32f10x_md.o [1]
  .rodata            const     0x800'0b6c    0x0  copy_init3.o [3]
                             - 0x800'0b6c  0xa80

"P2", part 1 of 2:                           0xc
  P2-1                        0x2000'0000    0xb  <Init block>
    .data            inited   0x2000'0000    0x4  main.o [1]
    .bss             inited   0x2000'0004    0x4  main.o [1]
    .data            inited   0x2000'0008    0x1  main.o [1]
    .bss             inited   0x2000'0009    0x1  main.o [1]
    .bss             inited   0x2000'000a    0x1  main.o [1]
                            - 0x2000'000b    0xb

"P2", part 2 of 2:                         0x800
  CSTACK                      0x2000'0010  0x800  <Block>
    CSTACK           uninit   0x2000'0010  0x800  <Block tail>
                            - 0x2000'0810  0x800

Unused ranges:

         From           To    Size
         ----           --    ----
   0x800'0b6c   0x800'ffff  0xf494
  0x2000'000c  0x2000'000f     0x4
  0x2000'0810  0x2000'4fff  0x47f0


*******************************************************************************
*** INIT TABLE
***

          Address      Size
          -------      ----
Copy (__iar_copy_init3)
    1 source range, total size 0xc (109% of destination):
           0x800'0a90   0xc
    1 destination range, total size 0xb:
          0x2000'0000   0xb



*******************************************************************************
*** MODULE SUMMARY
***

    Module                  ro code  ro data  rw data
    ------                  -------  -------  -------
command line/config:
    -------------------------------------------------
    Total:

D:\Data\MyProject\Voice\Voice_Recognition_stm32\Debug\Obj: [1]
    main.o                      824       11       11
    startup_stm32f10x_md.o      460
    stm32f10x_adc.o             570
    stm32f10x_gpio.o            234
    stm32f10x_rcc.o              84
    stm32f10x_tim.o             268
    system_stm32f10x.o          280
    -------------------------------------------------
    Total:                    2 720       11       11

dl7M_tln.a: [2]
    exit.o                        4
    low_level_init.o              4
    -------------------------------------------------
    Total:                        8

rt7M_tl.a: [3]
    cexit.o                      10
    cmain.o                      30
    copy_init3.o                 44
    cstartup_M.o                 12
    data_init.o                  40
    -------------------------------------------------
    Total:                      136

shb_l.a: [4]
    exit.o                       20
    -------------------------------------------------
    Total:                       20

    Gaps                          8
    Linker created                        21    2 048
-----------------------------------------------------
    Grand Total:              2 892       32    2 059


*******************************************************************************
*** ENTRY LIST
***

Entry                       Address   Size  Type      Object
-----                       -------   ----  ----      ------
.iar.init_table$$Base    0x800'0a18          --   Gb  - Linker created -
.iar.init_table$$Limit   0x800'0a2c          --   Gb  - Linker created -
?main                    0x800'0a2d         Code  Gb  cmain.o [3]
ADC1_2_IRQHandler        0x800'02ab   0xa2  Code  Gb  main.o [1]
ADC_ClearITPendingBit    0x800'08c1   0x16  Code  Gb  stm32f10x_adc.o [1]
ADC_Cmd                  0x800'06e9   0x1c  Code  Gb  stm32f10x_adc.o [1]
ADC_GetCalibrationStatus
                         0x800'0755   0x14  Code  Gb  stm32f10x_adc.o [1]
ADC_GetConversionValue   0x800'0897    0x6  Code  Gb  stm32f10x_adc.o [1]
ADC_GetFlagStatus        0x800'08a5   0x1c  Code  Gb  stm32f10x_adc.o [1]
ADC_GetResetCalibrationStatus
                         0x800'0737   0x14  Code  Gb  stm32f10x_adc.o [1]
ADC_ITConfig             0x800'0705   0x28  Code  Gb  stm32f10x_adc.o [1]
ADC_Init                 0x800'069d   0x4c  Code  Gb  stm32f10x_adc.o [1]
ADC_RegularChannelConfig
                         0x800'0785  0x112  Code  Gb  stm32f10x_adc.o [1]
ADC_ResetCalibration     0x800'072d    0xa  Code  Gb  stm32f10x_adc.o [1]
ADC_SoftwareStartConvCmd
                         0x800'0769   0x1c  Code  Gb  stm32f10x_adc.o [1]
ADC_StartCalibration     0x800'074b    0xa  Code  Gb  stm32f10x_adc.o [1]
CSTACK$$Base            0x2000'0010          --   Gb  - Linker created -
CSTACK$$Limit           0x2000'0810          --   Gb  - Linker created -
DirectionSums           0x2000'0008    0x1  Data  Gb  main.o [1]
GPIO_Init                0x800'08d9   0xea  Code  Gb  stm32f10x_gpio.o [1]
Init_ADC                 0x800'01fb   0xb0  Code  Gb  main.o [1]
Init_Timer               0x800'019b   0x3a  Code  Gb  main.o [1]
Init_UART                0x800'0377   0x66  Code  Gb  main.o [1]
PrevStateConnection     0x2000'000a    0x1  Data  Gb  main.o [1]
RCC_ADCCLKConfig         0x800'053d   0x10  Code  Gb  stm32f10x_rcc.o [1]
RCC_APB1PeriphClockCmd   0x800'0569   0x1c  Code  Gb  stm32f10x_rcc.o [1]
RCC_APB2PeriphClockCmd   0x800'054d   0x1c  Code  Gb  stm32f10x_rcc.o [1]
Region$$Table$$Base      0x800'0a18          --   Gb  - Linker created -
Region$$Table$$Limit     0x800'0a2c          --   Gb  - Linker created -
SetSysClock              0x800'0469    0x8  Code  Lc  system_stm32f10x.o [1]
SetSysClockTo72          0x800'0471   0xae  Code  Lc  system_stm32f10x.o [1]
SteateConnection        0x2000'0009    0x1  Data  Gb  main.o [1]
SystemInit               0x800'0425   0x44  Code  Gb  system_stm32f10x.o [1]
TIM3_IRQHandler          0x800'01d5   0x26  Code  Gb  main.o [1]
TIM_ClearITPendingBit    0x800'067b    0xa  Code  Gb  stm32f10x_tim.o [1]
TIM_Cmd                  0x800'0645   0x1e  Code  Gb  stm32f10x_tim.o [1]
TIM_ITConfig             0x800'0663   0x18  Code  Gb  stm32f10x_tim.o [1]
TIM_TimeBaseInit         0x800'0591   0x8a  Code  Gb  stm32f10x_tim.o [1]
TIM_TimeBaseStructInit   0x800'062d   0x18  Code  Gb  stm32f10x_tim.o [1]
USART1_IRQHandler        0x800'034d   0x2a  Code  Gb  main.o [1]
__NVIC_EnableIRQ         0x800'00ed   0x1e  Code  Lc  main.o [1]
__NVIC_SetPriority       0x800'010b   0x2c  Code  Lc  main.o [1]
__cmain                  0x800'0a2d         Code  Gb  cmain.o [3]
__exit                   0x800'0a61   0x14  Code  Gb  exit.o [4]
__iar_copy_init3         0x800'09c3   0x2c  Code  Gb  copy_init3.o [3]
__iar_data_init3         0x800'09f1   0x28  Code  Gb  data_init.o [3]
__iar_program_start      0x800'0a85         Code  Gb  cstartup_M.o [3]
__low_level_init         0x800'0a4b    0x4  Code  Gb  low_level_init.o [2]
__vector_table           0x800'0000         Data  Gb  startup_stm32f10x_md.o [1]
_call_main               0x800'0a39         Code  Gb  cmain.o [3]
_exit                    0x800'0a55         Code  Gb  cexit.o [3]
_main                    0x800'0a47         Code  Gb  cmain.o [3]
exit                     0x800'0a4f    0x4  Code  Gb  exit.o [2]
i                       0x2000'0004    0x4  Data  Gb  main.o [1]
main                     0x800'0137   0x64  Code  Gb  main.o [1]
value_test              0x2000'0000    0x4  Data  Gb  main.o [1]


[1] = D:\Data\MyProject\Voice\Voice_Recognition_stm32\Debug\Obj
[2] = dl7M_tln.a
[3] = rt7M_tl.a
[4] = shb_l.a

  2 892 bytes of readonly  code memory
     32 bytes of readonly  data memory
  2 059 bytes of readwrite data memory

Errors: none
Warnings: none
